// Jest Snapshot v1, https://goo.gl/fbAQLP

exports[`Home Component Home Renders correctly 1`] = `
Array [
  <header
    className="MuiPaper-root MuiAppBar-root MuiAppBar-positionStatic MuiAppBar-colorPrimary makeStyles-navroot-2 MuiPaper-elevation4"
  >
    <div
      className="MuiToolbar-root MuiToolbar-regular MuiToolbar-gutters"
    >
      <h6
        className="MuiTypography-root makeStyles-navlink-3 MuiTypography-subtitle2"
        onClick={[Function]}
      >
        HOME
      </h6>
      <h6
        className="MuiTypography-root makeStyles-navlink-3 MuiTypography-subtitle2"
        onClick={[Function]}
      >
        EXPERIMENTS
      </h6>
      <h6
        className="MuiTypography-root makeStyles-navlink-3 MuiTypography-subtitle2"
        onClick={[Function]}
      >
        CONNECT
      </h6>
    </div>
  </header>,
  <div
    onScroll={[Function]}
    onTouchStart={[Function]}
    onWheel={[Function]}
    style={
      Object {
        "WebkitOverflowScrolling": "touch",
        "WebkitTransform": "translate(0px,0px)",
        "height": "100%",
        "msTransform": "translate(0px,0px)",
        "overflow": "scroll",
        "overflowX": "hidden",
        "overflowY": "scroll",
        "position": "absolute",
        "transform": " translate3d(0px,0px,0px)",
        "width": "100%",
      }
    }
  />,
]
`;
